// Jest Snapshot v1, https://goo.gl/fbAQLP

exports[`Home renders correctly 1`] = `
<div>
  <h2>
    Welcome to our page!
  </h2>
  <p>
    Lorem ipsum dolor sit amet consectetur adipisicing elit. Pariatur voluptate quod deserunt exercitationem obcaecati sapiente adipisci. Eaque nemo a eius rerum fuga, tempora, ipsam doloribus, corrupti nulla recusandae magnam! Culpa.
  </p>
  <p>
    Lorem ipsum dolor sit amet consectetur adipisicing elit. Pariatur voluptate quod deserunt exercitationem obcaecati sapiente adipisci. Eaque nemo a eius rerum fuga, tempora, ipsam doloribus, corrupti nulla recusandae magnam! Culpa.
  </p>
  <p>
    Lorem ipsum dolor sit amet consectetur adipisicing elit. Pariatur voluptate quod deserunt exercitationem obcaecati sapiente adipisci. Eaque nemo a eius rerum fuga, tempora, ipsam doloribus, corrupti nulla recusandae magnam! Culpa.
  </p>
  <p>
    Lorem ipsum dolor sit amet consectetur adipisicing elit. Pariatur voluptate quod deserunt exercitationem obcaecati sapiente adipisci. Eaque nemo a eius rerum fuga, tempora, ipsam doloribus, corrupti nulla recusandae magnam! Culpa.
  </p>
</div>
`;
